  ArchivoFuente2.cpp
C:\Users\Franco\Desktop\ProyectoFinal-CGEIHC-Equipo07\ProyectoFinal_Equipo07\modelAnim.h(105,44): warning C4244: '=': conversión de 'double' a 'float'; posible pérdida de datos
  (compilando archivo de origen "ArchivoFuente2.cpp")
  
C:\Users\Franco\Desktop\ProyectoFinal-CGEIHC-Equipo07\ProyectoFinal_Equipo07\modelAnim.h(521,24): warning C4244: 'inicializando': conversión de 'double' a 'float'; posible pérdida de datos
  (compilando archivo de origen "ArchivoFuente2.cpp")
  
C:\Program Files (x86)\Windows Kits\10\Include\10.0.26100.0\shared\minwindef.h(130,9): warning C4005: 'APIENTRY': redefinición de macro
  (compilando archivo de origen "ArchivoFuente2.cpp")
      C:\Users\Franco\Desktop\ProyectoFinal-CGEIHC-Equipo07\External Libraries\GLFW\include\GLFW\glfw3.h(98,11):
      vea la definición anterior de “APIENTRY”
  
C:\Users\Franco\Desktop\ProyectoFinal-CGEIHC-Equipo07\ProyectoFinal_Equipo07\ArchivoFuente2.cpp(313,14): warning C4244: 'inicializando': conversión de 'double' a 'float'; posible pérdida de datos
C:\Users\Franco\Desktop\ProyectoFinal-CGEIHC-Equipo07\ProyectoFinal_Equipo07\ArchivoFuente2.cpp(550,24): warning C4244: 'inicializando': conversión de 'double' a 'GLfloat'; posible pérdida de datos
C:\Users\Franco\Desktop\ProyectoFinal-CGEIHC-Equipo07\ProyectoFinal_Equipo07\ArchivoFuente2.cpp(593,21): warning C4244: '=': conversión de 'double' a 'T'; posible pérdida de datos
C:\Users\Franco\Desktop\ProyectoFinal-CGEIHC-Equipo07\ProyectoFinal_Equipo07\ArchivoFuente2.cpp(593,21): warning C4244:         with
C:\Users\Franco\Desktop\ProyectoFinal-CGEIHC-Equipo07\ProyectoFinal_Equipo07\ArchivoFuente2.cpp(593,21): warning C4244:         [
C:\Users\Franco\Desktop\ProyectoFinal-CGEIHC-Equipo07\ProyectoFinal_Equipo07\ArchivoFuente2.cpp(593,21): warning C4244:             T=float
C:\Users\Franco\Desktop\ProyectoFinal-CGEIHC-Equipo07\ProyectoFinal_Equipo07\ArchivoFuente2.cpp(593,21): warning C4244:         ]
C:\Users\Franco\Desktop\ProyectoFinal-CGEIHC-Equipo07\ProyectoFinal_Equipo07\ArchivoFuente2.cpp(594,21): warning C4244: '=': conversión de 'double' a 'T'; posible pérdida de datos
C:\Users\Franco\Desktop\ProyectoFinal-CGEIHC-Equipo07\ProyectoFinal_Equipo07\ArchivoFuente2.cpp(594,21): warning C4244:         with
C:\Users\Franco\Desktop\ProyectoFinal-CGEIHC-Equipo07\ProyectoFinal_Equipo07\ArchivoFuente2.cpp(594,21): warning C4244:         [
C:\Users\Franco\Desktop\ProyectoFinal-CGEIHC-Equipo07\ProyectoFinal_Equipo07\ArchivoFuente2.cpp(594,21): warning C4244:             T=float
C:\Users\Franco\Desktop\ProyectoFinal-CGEIHC-Equipo07\ProyectoFinal_Equipo07\ArchivoFuente2.cpp(594,21): warning C4244:         ]
C:\Users\Franco\Desktop\ProyectoFinal-CGEIHC-Equipo07\ProyectoFinal_Equipo07\ArchivoFuente2.cpp(595,21): warning C4244: '=': conversión de 'double' a 'T'; posible pérdida de datos
C:\Users\Franco\Desktop\ProyectoFinal-CGEIHC-Equipo07\ProyectoFinal_Equipo07\ArchivoFuente2.cpp(595,21): warning C4244:         with
C:\Users\Franco\Desktop\ProyectoFinal-CGEIHC-Equipo07\ProyectoFinal_Equipo07\ArchivoFuente2.cpp(595,21): warning C4244:         [
C:\Users\Franco\Desktop\ProyectoFinal-CGEIHC-Equipo07\ProyectoFinal_Equipo07\ArchivoFuente2.cpp(595,21): warning C4244:             T=float
C:\Users\Franco\Desktop\ProyectoFinal-CGEIHC-Equipo07\ProyectoFinal_Equipo07\ArchivoFuente2.cpp(595,21): warning C4244:         ]
C:\Users\Franco\Desktop\ProyectoFinal-CGEIHC-Equipo07\ProyectoFinal_Equipo07\ArchivoFuente2.cpp(1432,21): warning C4244: '=': conversión de 'double' a 'float'; posible pérdida de datos
C:\Users\Franco\Desktop\ProyectoFinal-CGEIHC-Equipo07\ProyectoFinal_Equipo07\ArchivoFuente2.cpp(1433,21): warning C4244: '=': conversión de 'double' a 'float'; posible pérdida de datos
C:\Users\Franco\Desktop\ProyectoFinal-CGEIHC-Equipo07\ProyectoFinal_Equipo07\ArchivoFuente2.cpp(1495,14): warning C4244: 'inicializando': conversión de 'double' a 'float'; posible pérdida de datos
C:\Users\Franco\Desktop\ProyectoFinal-CGEIHC-Equipo07\ProyectoFinal_Equipo07\ArchivoFuente2.cpp(1507,11): warning C4244: '=': conversión de 'double' a 'GLfloat'; posible pérdida de datos
C:\Users\Franco\Desktop\ProyectoFinal-CGEIHC-Equipo07\ProyectoFinal_Equipo07\ArchivoFuente2.cpp(1508,11): warning C4244: '=': conversión de 'double' a 'GLfloat'; posible pérdida de datos
C:\Users\Franco\Desktop\ProyectoFinal-CGEIHC-Equipo07\ProyectoFinal_Equipo07\ArchivoFuente2.cpp(1512,18): warning C4244: 'inicializando': conversión de 'double' a 'GLfloat'; posible pérdida de datos
C:\Users\Franco\Desktop\ProyectoFinal-CGEIHC-Equipo07\ProyectoFinal_Equipo07\ArchivoFuente2.cpp(1513,18): warning C4244: 'inicializando': conversión de 'double' a 'GLfloat'; posible pérdida de datos
C:\Users\Franco\Desktop\ProyectoFinal-CGEIHC-Equipo07\ProyectoFinal_Equipo07\ArchivoFuente2.cpp(1515,10): warning C4244: '=': conversión de 'double' a 'GLfloat'; posible pérdida de datos
C:\Users\Franco\Desktop\ProyectoFinal-CGEIHC-Equipo07\ProyectoFinal_Equipo07\ArchivoFuente2.cpp(1516,10): warning C4244: '=': conversión de 'double' a 'GLfloat'; posible pérdida de datos
soil2-debug.lib(SOIL2.obj) : warning LNK4075: se omite '/EDITANDCONTINUE' debido a la especificación '/OPT:ICF'
LINK : warning LNK4098: la biblioteca predeterminada'MSVCRTD' entra en conflicto con otras bibliotecas; use la biblioteca /NODEFAULTLIB:biblioteca
  Generando código
  Previous IPDB not found, fall back to full compilation.
  All 2829 functions were compiled because no usable IPDB/IOBJ from previous compilation was found.
  Generación de código finalizada
soil2-debug.lib(etc1_utils.obj) : warning LNK4099: no se encontró PDB 'soil2-debug.pdb' con 'soil2-debug.lib(etc1_utils.obj)' o en 'C:\Users\Franco\Desktop\ProyectoFinal-CGEIHC-Equipo07\Release\soil2-debug.pdb'; se vinculará el objeto sin tener en cuenta información de depuración
soil2-debug.lib(image_DXT.obj) : warning LNK4099: no se encontró PDB 'soil2-debug.pdb' con 'soil2-debug.lib(image_DXT.obj)' o en 'C:\Users\Franco\Desktop\ProyectoFinal-CGEIHC-Equipo07\Release\soil2-debug.pdb'; se vinculará el objeto sin tener en cuenta información de depuración
soil2-debug.lib(image_helper.obj) : warning LNK4099: no se encontró PDB 'soil2-debug.pdb' con 'soil2-debug.lib(image_helper.obj)' o en 'C:\Users\Franco\Desktop\ProyectoFinal-CGEIHC-Equipo07\Release\soil2-debug.pdb'; se vinculará el objeto sin tener en cuenta información de depuración
soil2-debug.lib(SOIL2.obj) : warning LNK4099: no se encontró PDB 'soil2-debug.pdb' con 'soil2-debug.lib(SOIL2.obj)' o en 'C:\Users\Franco\Desktop\ProyectoFinal-CGEIHC-Equipo07\Release\soil2-debug.pdb'; se vinculará el objeto sin tener en cuenta información de depuración
  ProyectoFinal_Equipo07.vcxproj -> C:\Users\Franco\Desktop\ProyectoFinal-CGEIHC-Equipo07\Release\ProyectoFinal_Equipo07.exe
